
> wall-street-english@0.0.0 test
> ng test --watch=false --browsers=ChromeHeadless

node.exe : - Generating browser application bundles (phase: setup)...
Au caractère Ligne:1 : 1
+ & "D:\/node.exe" "D:\/node_modules/npm/bin/npm-cli.js" test -- --watc ...
+ ~~~~~~~~~~~~~~~~~~~~~~~~~~~~~~~~~~~~~~~~~~~~~~~~~~~~~~~~~~~~~~~~~~~~~
    + CategoryInfo          : NotSpecified: (- Generating br...hase: setup)...:String) [], RemoteException
    + FullyQualifiedErrorId : NativeCommandError
 
ÔêÜ Browser application bundle generation complete.
[1m[31m
./src/app/features/classes/classes-calendar/classes-calendar.component.ts:7:0-82 - Error: Module not found: Error: 
Can't resolve '@fullcalendar/angular' in 'C:\Users\pc\Downloads\Esprit-PiDev-4SAE5-2026-English-School-Platform-main\Es
prit-PiDev-4SAE5-2026-English-School-Platform-main\src\app\features\classes\classes-calendar'

./src/app/features/classes/classes-calendar/classes-calendar.component.ts:8:0-50 - Error: Module not found: Error: 
Can't resolve '@fullcalendar/daygrid' in 'C:\Users\pc\Downloads\Esprit-PiDev-4SAE5-2026-English-School-Platform-main\Es
prit-PiDev-4SAE5-2026-English-School-Platform-main\src\app\features\classes\classes-calendar'

./src/app/features/classes/classes-calendar/classes-calendar.component.ts:9:0-52 - Error: Module not found: Error: 
Can't resolve '@fullcalendar/timegrid' in 'C:\Users\pc\Downloads\Esprit-PiDev-4SAE5-2026-English-School-Platform-main\E
sprit-PiDev-4SAE5-2026-English-School-Platform-main\src\app\features\classes\classes-calendar'

./src/app/features/classes/classes-calendar/classes-calendar.component.ts:10:0-58 - Error: Module not found: Error: 
Can't resolve '@fullcalendar/interaction' in 'C:\Users\pc\Downloads\Esprit-PiDev-4SAE5-2026-English-School-Platform-mai
n\Esprit-PiDev-4SAE5-2026-English-School-Platform-main\src\app\features\classes\classes-calendar'

./src/app/features/classes/classes-calendar/classes-calendar.component.ts:13:0-26 - Error: Module not found: Error: 
Can't resolve 'jspdf' in 'C:\Users\pc\Downloads\Esprit-PiDev-4SAE5-2026-English-School-Platform-main\Esprit-PiDev-4SAE5
-2026-English-School-Platform-main\src\app\features\classes\classes-calendar'

./src/app/features/classes/classes-calendar/classes-calendar.component.ts:14:0-38 - Error: Module not found: Error: 
Can't resolve 'html2canvas' in 'C:\Users\pc\Downloads\Esprit-PiDev-4SAE5-2026-English-School-Platform-main\Esprit-PiDev
-4SAE5-2026-English-School-Platform-main\src\app\features\classes\classes-calendar'

Error: [96msrc/app/features/classes/classes-calendar/classes-calendar.component.ts[0m:[93m4[0m:[93m59[0m - 
[91merror[0m[90m TS2307: [0mCannot find module '@fullcalendar/angular' or its corresponding type declarations.

[7m4[0m import { FullCalendarModule, FullCalendarComponent } from '@fullcalendar/angular';
[7m [0m [91m                                                          ~~~~~~~~~~~~~~~~~~~~~~~[0m


Error: [96msrc/app/features/classes/classes-calendar/classes-calendar.component.ts[0m:[93m5[0m:[93m33[0m - 
[91merror[0m[90m TS2307: [0mCannot find module '@fullcalendar/core' or its corresponding type declarations.

[7m5[0m import { CalendarOptions } from '@fullcalendar/core';
[7m [0m [91m                                ~~~~~~~~~~~~~~~~~~~~[0m


Error: [96msrc/app/features/classes/classes-calendar/classes-calendar.component.ts[0m:[93m6[0m:[93m27[0m - 
[91merror[0m[90m TS2307: [0mCannot find module '@fullcalendar/daygrid' or its corresponding type declarations.

[7m6[0m import dayGridPlugin from '@fullcalendar/daygrid';
[7m [0m [91m                          ~~~~~~~~~~~~~~~~~~~~~~~[0m


Error: [96msrc/app/features/classes/classes-calendar/classes-calendar.component.ts[0m:[93m7[0m:[93m28[0m - 
[91merror[0m[90m TS2307: [0mCannot find module '@fullcalendar/timegrid' or its corresponding type declarations.

[7m7[0m import timeGridPlugin from '@fullcalendar/timegrid';
[7m [0m [91m                           ~~~~~~~~~~~~~~~~~~~~~~~~[0m


Error: [96msrc/app/features/classes/classes-calendar/classes-calendar.component.ts[0m:[93m8[0m:[93m31[0m - 
[91merror[0m[90m TS2307: [0mCannot find module '@fullcalendar/interaction' or its corresponding type declarations.

[7m8[0m import interactionPlugin from '@fullcalendar/interaction';
[7m [0m [91m                              ~~~~~~~~~~~~~~~~~~~~~~~~~~~[0m


Error: [96msrc/app/features/classes/classes-calendar/classes-calendar.component.ts[0m:[93m14[0m:[93m19[0m - 
[91merror[0m[90m TS2307: [0mCannot find module 'jspdf' or its corresponding type declarations.

[7m14[0m import jsPDF from 'jspdf';
[7m  [0m [91m                  ~~~~~~~[0m


Error: [96msrc/app/features/classes/classes-calendar/classes-calendar.component.ts[0m:[93m15[0m:[93m25[0m - 
[91merror[0m[90m TS2307: [0mCannot find module 'html2canvas' or its corresponding type declarations.

[7m15[0m import html2canvas from 'html2canvas';
[7m  [0m [91m                        ~~~~~~~~~~~~~[0m


[39m[22m
[32m05 05 2026 17:29:54.277:INFO [karma-server]: [39mKarma v6.4.4 server started at http://localhost:9877/
[32m05 05 2026 17:29:54.415:INFO [launcher]: [39mLaunching browsers ChromeHeadless with concurrency unlimited
[91m05 05 2026 17:29:54.422:ERROR [karma-server]: [39mError: Found 1 load error
    at Server.<anonymous> (C:\Users\pc\Downloads\Esprit-PiDev-4SAE5-2026-English-School-Platform-main\Esprit-PiDev-4SAE5-2026-English-School-Platform-main\node_modules\karma\lib\server.js:243:26)
    at Object.onceWrapper (node:events:630:28)
    at Server.emit (node:events:521:24)
    at emitListeningNT (node:net:2051:10)
    at process.processTicksAndRejections (node:internal/process/task_queues:89:21)
ÔêÜ Browser application bundle generation complete.
ÔêÜ Browser application bundle generation complete.
